// Jest Snapshot v1, https://goo.gl/fbAQLP

exports[`WithLoader component should render with CompactTable 1`] = `
<DocumentFragment>
  <table
    aria-label="Loading"
    class="pf-v5-c-table pf-m-grid-md pf-m-compact"
    data-ouia-component-id="SkeletonTable"
    data-ouia-component-type="PF5/Table"
    data-ouia-safe="true"
    role="grid"
  >
    <thead
      class="pf-v5-c-table__thead"
      data-ouia-component-id="SkeletonTable-thead"
    >
      <tr
        class="pf-v5-c-table__tr"
        data-ouia-component-id="SkeletonTable-tr-head"
        data-ouia-component-type="PF5/TableRow"
        data-ouia-safe="true"
      >
        <th
          class="pf-v5-c-table__th"
          data-ouia-component-id="SkeletonTable-th-0"
          scope="col"
          tabindex="-1"
        >
          <div
            class="pf-v5-c-skeleton"
          >
            <span
              class="pf-v5-screen-reader"
            />
          </div>
        </th>
      </tr>
    </thead>
    <tbody
      class="pf-v5-c-table__tbody"
      data-ouia-component-id="SkeletonTable-tbody"
      role="rowgroup"
    >
      <tr
        class="pf-v5-c-table__tr"
        data-ouia-component-id="SkeletonTable-tr-0"
        data-ouia-component-type="PF5/TableRow"
        data-ouia-safe="true"
      />
      <tr
        class="pf-v5-c-table__tr"
        data-ouia-component-id="SkeletonTable-tr-1"
        data-ouia-component-type="PF5/TableRow"
        data-ouia-safe="true"
      />
      <tr
        class="pf-v5-c-table__tr"
        data-ouia-component-id="SkeletonTable-tr-2"
        data-ouia-component-type="PF5/TableRow"
        data-ouia-safe="true"
      />
      <tr
        class="pf-v5-c-table__tr"
        data-ouia-component-id="SkeletonTable-tr-3"
        data-ouia-component-type="PF5/TableRow"
        data-ouia-safe="true"
      />
      <tr
        class="pf-v5-c-table__tr"
        data-ouia-component-id="SkeletonTable-tr-4"
        data-ouia-component-type="PF5/TableRow"
        data-ouia-safe="true"
      />
    </tbody>
  </table>
</DocumentFragment>
`;

exports[`WithLoader component should render with SkeletonTable 1`] = `
<DocumentFragment>
  <table
    aria-label="Loading"
    class="pf-v5-c-table pf-m-grid-md"
    data-ouia-component-id="SkeletonTable"
    data-ouia-component-type="PF5/Table"
    data-ouia-safe="true"
    role="grid"
  >
    <thead
      class="pf-v5-c-table__thead"
      data-ouia-component-id="SkeletonTable-thead"
    >
      <tr
        class="pf-v5-c-table__tr"
        data-ouia-component-id="SkeletonTable-tr-head"
        data-ouia-component-type="PF5/TableRow"
        data-ouia-safe="true"
      >
        <th
          class="pf-v5-c-table__th"
          data-ouia-component-id="SkeletonTable-th-0"
          scope="col"
          tabindex="-1"
        >
          <div
            class="pf-v5-c-skeleton"
          >
            <span
              class="pf-v5-screen-reader"
            />
          </div>
        </th>
      </tr>
    </thead>
    <tbody
      class="pf-v5-c-table__tbody"
      data-ouia-component-id="SkeletonTable-tbody"
      role="rowgroup"
    >
      <tr
        class="pf-v5-c-table__tr"
        data-ouia-component-id="SkeletonTable-tr-0"
        data-ouia-component-type="PF5/TableRow"
        data-ouia-safe="true"
      />
      <tr
        class="pf-v5-c-table__tr"
        data-ouia-component-id="SkeletonTable-tr-1"
        data-ouia-component-type="PF5/TableRow"
        data-ouia-safe="true"
      />
      <tr
        class="pf-v5-c-table__tr"
        data-ouia-component-id="SkeletonTable-tr-2"
        data-ouia-component-type="PF5/TableRow"
        data-ouia-safe="true"
      />
      <tr
        class="pf-v5-c-table__tr"
        data-ouia-component-id="SkeletonTable-tr-3"
        data-ouia-component-type="PF5/TableRow"
        data-ouia-safe="true"
      />
      <tr
        class="pf-v5-c-table__tr"
        data-ouia-component-id="SkeletonTable-tr-4"
        data-ouia-component-type="PF5/TableRow"
        data-ouia-safe="true"
      />
    </tbody>
  </table>
</DocumentFragment>
`;

exports[`WithLoader component should render with inline Skeleton 1`] = `
<DocumentFragment>
  <div
    class="pf-v5-c-skeleton ins-c-skeleton ins-c-skeleton__lg"
    style="display: inline-block;"
  >
    <span
      class="pf-v5-screen-reader"
    />
  </div>
</DocumentFragment>
`;

exports[`WithLoader component should render with loading prop is false 1`] = `
<DocumentFragment>
  children
</DocumentFragment>
`;

exports[`WithLoader component should render with loading prop is true 1`] = `
<DocumentFragment>
  <div
    class="pf-v5-c-skeleton ins-c-skeleton ins-c-skeleton__lg"
  >
    <span
      class="pf-v5-screen-reader"
    />
  </div>
</DocumentFragment>
`;

exports[`WithLoader component should render with loading prop is undefined 1`] = `
<DocumentFragment>
  children
</DocumentFragment>
`;

exports[`WithLoader component should render with rectangle 1`] = `
<DocumentFragment>
  <div
    class="pf-v5-c-skeleton pf-m-square ins-c-skeleton ins-c-skeleton__md"
  >
    <span
      class="pf-v5-screen-reader"
    />
  </div>
</DocumentFragment>
`;

exports[`WithLoader component should render with spinner 1`] = `
<DocumentFragment>
  <div
    class="ins-c-spinner ins-m-center"
    role="status"
  >
    <span
      class="pf-v5-u-screen-reader"
    >
      Loading...
    </span>
  </div>
</DocumentFragment>
`;
